
rkim2@DESKTOP-1KJM46J MINGW64 ~
$ cd Desktop

rkim2@DESKTOP-1KJM46J MINGW64 ~/Desktop
$ mkdir test

rkim2@DESKTOP-1KJM46J MINGW64 ~/Desktop
$ cd test

rkim2@DESKTOP-1KJM46J MINGW64 ~/Desktop/test
$ touch index.html

rkim2@DESKTOP-1KJM46J MINGW64 ~/Desktop/test
$ touch style.css

rkim2@DESKTOP-1KJM46J MINGW64 ~/Desktop/test
$ git comment -m
git: 'comment' is not a git command. See 'git --help'.

The most similar command is
        commit

rkim2@DESKTOP-1KJM46J MINGW64 ~/Desktop/test
$ git comment
git: 'comment' is not a git command. See 'git --help'.

The most similar command is
        commit

rkim2@DESKTOP-1KJM46J MINGW64 ~/Desktop/test
$ git commit -m
fatal: not a git repository (or any of the parent directories): .git

rkim2@DESKTOP-1KJM46J MINGW64 ~/Desktop/test
$ git commit
fatal: not a git repository (or any of the parent directories): .git

rkim2@DESKTOP-1KJM46J MINGW64 ~/Desktop/test
$ git commit -m "..."
fatal: not a git repository (or any of the parent directories): .git

rkim2@DESKTOP-1KJM46J MINGW64 ~/Desktop/test
$ git commit -m "added meta charset and title tag to index.html"
fatal: not a git repository (or any of the parent directories): .git

rkim2@DESKTOP-1KJM46J MINGW64 ~/Desktop/test
$ git commit -m "added meta charset and title tag to index.html"
fatal: not a git repository (or any of the parent directories): .git

rkim2@DESKTOP-1KJM46J MINGW64 ~/Desktop/test
$ git status
fatal: not a git repository (or any of the parent directories): .git

rkim2@DESKTOP-1KJM46J MINGW64 ~/Desktop/test
$ git init
Initialized empty Git repository in C:/Users/rkim2/Desktop/test/.git/

rkim2@DESKTOP-1KJM46J MINGW64 ~/Desktop/test (master)
$ git commit -m "added meta charset and title tag to index.html"

*** Please tell me who you are.

Run

  git config --global user.email "you@example.com"
  git config --global user.name "Your Name"

to set your account's default identity.
Omit --global to set the identity only in this repository.

fatal: unable to auto-detect email address (got 'rkim2@DESKTOP-1KJM46J.(none)')

rkim2@DESKTOP-1KJM46J MINGW64 ~/Desktop/test (master)
$ git commit -m "update html"

*** Please tell me who you are.

Run

  git config --global user.email "you@example.com"
  git config --global user.name "Your Name"

to set your account's default identity.
Omit --global to set the identity only in this repository.

fatal: unable to auto-detect email address (got 'rkim2@DESKTOP-1KJM46J.(none)')

rkim2@DESKTOP-1KJM46J MINGW64 ~/Desktop/test (master)
$ git config "Richard"
error: key does not contain a section: Richard

rkim2@DESKTOP-1KJM46J MINGW64 ~/Desktop/test (master)
$ git config --global user.name "Richard"

rkim2@DESKTOP-1KJM46J MINGW64 ~/Desktop/test (master)
$ git commit -m "update html"

*** Please tell me who you are.

Run

  git config --global user.email "you@example.com"
  git config --global user.name "Your Name"

to set your account's default identity.
Omit --global to set the identity only in this repository.

fatal: unable to auto-detect email address (got 'rkim2@DESKTOP-1KJM46J.(none)')

rkim2@DESKTOP-1KJM46J MINGW64 ~/Desktop/test (master)
$ git commit -m "update css"

*** Please tell me who you are.

Run

  git config --global user.email "you@example.com"
  git config --global user.name "Your Name"

to set your account's default identity.
Omit --global to set the identity only in this repository.

fatal: unable to auto-detect email address (got 'rkim2@DESKTOP-1KJM46J.(none)')

rkim2@DESKTOP-1KJM46J MINGW64 ~/Desktop/test (master)
$ git status
On branch master

No commits yet

Untracked files:
  (use "git add <file>..." to include in what will be committed)

        index.html
        style.css

nothing added to commit but untracked files present (use "git add" to track)

rkim2@DESKTOP-1KJM46J MINGW64 ~/Desktop/test (master)
$ git reset hard
fatal: ambiguous argument 'hard': unknown revision or path not in the working tree.
Use '--' to separate paths from revisions, like this:
'git <command> [<revision>...] -- [<file>...]'

rkim2@DESKTOP-1KJM46J MINGW64 ~/Desktop/test (master)
$ git reset test hard
fatal: ambiguous argument 'test': unknown revision or path not in the working tree.
Use '--' to separate paths from revisions, like this:
'git <command> [<revision>...] -- [<file>...]'

rkim2@DESKTOP-1KJM46J MINGW64 ~/Desktop/test (master)
$ git reset update index.html test hard
fatal: ambiguous argument 'update': unknown revision or path not in the working tree.
Use '--' to separate paths from revisions, like this:
'git <command> [<revision>...] -- [<file>...]'

rkim2@DESKTOP-1KJM46J MINGW64 ~/Desktop/test (master)
$ git log
fatal: your current branch 'master' does not have any commits yet

rkim2@DESKTOP-1KJM46J MINGW64 ~/Desktop/test (master)
$ git commit -m "update html" omit
error: pathspec 'omit' did not match any file(s) known to git

rkim2@DESKTOP-1KJM46J MINGW64 ~/Desktop/test (master)
$ git commit -m "update html"

*** Please tell me who you are.

Run

  git config --global user.email "you@example.com"
  git config --global user.name "Your Name"

to set your account's default identity.
Omit --global to set the identity only in this repository.

fatal: unable to auto-detect email address (got 'rkim2@DESKTOP-1KJM46J.(none)')

rkim2@DESKTOP-1KJM46J MINGW64 ~/Desktop/test (master)
$ omit
bash: omit: command not found

rkim2@DESKTOP-1KJM46J MINGW64 ~/Desktop/test (master)
$ git omit
git: 'omit' is not a git command. See 'git --help'.

The most similar command is
        commit

rkim2@DESKTOP-1KJM46J MINGW64 ~/Desktop/test (master)
$ git confit --global user.name "Richard"
git: 'confit' is not a git command. See 'git --help'.

The most similar command is
        config

rkim2@DESKTOP-1KJM46J MINGW64 ~/Desktop/test (master)
$ git config --global user.name "Richard"

rkim2@DESKTOP-1KJM46J MINGW64 ~/Desktop/test (master)
$ git config --global user.email "Richard"

rkim2@DESKTOP-1KJM46J MINGW64 ~/Desktop/test (master)
$ git commit -m "update html"
On branch master

Initial commit

Untracked files:
        index.html
        style.css

nothing added to commit but untracked files present

rkim2@DESKTOP-1KJM46J MINGW64 ~/Desktop/test (master)
$ git commit -m "update html"
On branch master

Initial commit

Untracked files:
        index.html
        style.css

nothing added to commit but untracked files present

rkim2@DESKTOP-1KJM46J MINGW64 ~/Desktop/test (master)
$ git add
Nothing specified, nothing added.
Maybe you wanted to say 'git add .'?

rkim2@DESKTOP-1KJM46J MINGW64 ~/Desktop/test (master)
$ ^C

rkim2@DESKTOP-1KJM46J MINGW64 ~/Desktop/test (master)
$


Had to go back and reconfigure git bash


rkim2@DESKTOP-1KJM46J MINGW64 ~
$ git config --global user.name "Richard"

rkim2@DESKTOP-1KJM46J MINGW64 ~
$ git config --global user.email "Richard@richard.com"

rkim2@DESKTOP-1KJM46J MINGW64 ~
$ git config ==global --list
fatal: not in a git directory

rkim2@DESKTOP-1KJM46J MINGW64 ~
$ git config --global --list
user.name=Richard
user.email=Richard@richard.com

rkim2@DESKTOP-1KJM46J MINGW64 ~
$ cd test
bash: cd: test: No such file or directory

rkim2@DESKTOP-1KJM46J MINGW64 ~
$ cd desktop

rkim2@DESKTOP-1KJM46J MINGW64 ~/desktop
$ cd test

rkim2@DESKTOP-1KJM46J MINGW64 ~/desktop/test (master)
$ git commit -m "update html"
On branch master

Initial commit

Untracked files:
        index.html
        style.css

nothing added to commit but untracked files present

rkim2@DESKTOP-1KJM46J MINGW64 ~/desktop/test (master)
$ git commit -m "update style.css"
On branch master

Initial commit

Untracked files:
        index.html
        style.css

nothing added to commit but untracked files present

rkim2@DESKTOP-1KJM46J MINGW64 ~/desktop/test (master)
$ git log
fatal: your current branch 'master' does not have any commits yet

rkim2@DESKTOP-1KJM46J MINGW64 ~/desktop/test (master)
$ git commit -m "update style.css"
On branch master

Initial commit

Untracked files:
        index.html
        style.css

nothing added to commit but untracked files present

rkim2@DESKTOP-1KJM46J MINGW64 ~/desktop/test (master)
$ ^C

rkim2@DESKTOP-1KJM46J MINGW64 ~/desktop/test (master)
$ git add
Nothing specified, nothing added.
Maybe you wanted to say 'git add .'?

rkim2@DESKTOP-1KJM46J MINGW64 ~/desktop/test (master)
$ git add index.html

rkim2@DESKTOP-1KJM46J MINGW64 ~/desktop/test (master)
$ git commit -m "update style.css"
[master (root-commit) 786e583] update style.css
 1 file changed, 9 insertions(+)
 create mode 100644 index.html

rkim2@DESKTOP-1KJM46J MINGW64 ~/desktop/test (master)
$ git commit -m "update html"
On branch master
Untracked files:
        style.css

nothing added to commit but untracked files present

rkim2@DESKTOP-1KJM46J MINGW64 ~/desktop/test (master)
$ git add style.css

rkim2@DESKTOP-1KJM46J MINGW64 ~/desktop/test (master)
$ git commit -m "update style.css"
[master 93bf90d] update style.css
 1 file changed, 1 insertion(+)
 create mode 100644 style.css

rkim2@DESKTOP-1KJM46J MINGW64 ~/desktop/test (master)
$ git log
commit 93bf90d1b8359ef5982799c8a3df2d85ab78bb0b (HEAD -> master)
Author: Richard <Richard@richard.com>
Date:   Thu Jun 6 21:09:05 2019 -0400

    update style.css

commit 786e583a4482fa48be0354769e3cde6a6bedec55
Author: Richard <Richard@richard.com>
Date:   Thu Jun 6 21:08:35 2019 -0400

    update style.css

rkim2@DESKTOP-1KJM46J MINGW64 ~/desktop/test (master)
$ git revert -n head

rkim2@DESKTOP-1KJM46J MINGW64 ~/desktop/test (master|REVERTING)
$ git add index.html

rkim2@DESKTOP-1KJM46J MINGW64 ~/desktop/test (master|REVERTING)
$ git commit -m "update html"
[master 9bd794b] update html
 1 file changed, 1 deletion(-)
 delete mode 100644 style.css

rkim2@DESKTOP-1KJM46J MINGW64 ~/desktop/test (master)
$ git add style.css
fatal: pathspec 'style.css' did not match any files

rkim2@DESKTOP-1KJM46J MINGW64 ~/desktop/test (master)
$ git add style.css
fatal: pathspec 'style.css' did not match any files

rkim2@DESKTOP-1KJM46J MINGW64 ~/desktop/test (master)
$ git add index.html

rkim2@DESKTOP-1KJM46J MINGW64 ~/desktop/test (master)
$ touch style.css

rkim2@DESKTOP-1KJM46J MINGW64 ~/desktop/test (master)
$ git add style.css

rkim2@DESKTOP-1KJM46J MINGW64 ~/desktop/test (master)
$ git commit -m "update style.css"
[master d8dfdba] update style.css
 1 file changed, 0 insertions(+), 0 deletions(-)
 create mode 100644 style.css

rkim2@DESKTOP-1KJM46J MINGW64 ~/desktop/test (master)
$
