
rkim2@DESKTOP-1KJM46J MINGW64 ~
$ cd desktop

rkim2@DESKTOP-1KJM46J MINGW64 ~/desktop
$ cd test

rkim2@DESKTOP-1KJM46J MINGW64 ~/desktop/test (master)
$ touch basic_repo

rkim2@DESKTOP-1KJM46J MINGW64 ~/desktop/test (master)
$ cd basic_repo
bash: cd: basic_repo: Not a directory

rkim2@DESKTOP-1KJM46J MINGW64 ~/desktop/test (master)
$ cd basic_repo.html
bash: cd: basic_repo.html: No such file or directory

rkim2@DESKTOP-1KJM46J MINGW64 ~/desktop/test (master)
$ touch basic_repo.html

rkim2@DESKTOP-1KJM46J MINGW64 ~/desktop/test (master)
$ git add basic_repo.html

rkim2@DESKTOP-1KJM46J MINGW64 ~/desktop/test (master)
$ git commit -m "update basic_repo.html"
[master 8bd8365] update basic_repo.html
 1 file changed, 9 insertions(+)
 create mode 100644 basic_repo.html

rkim2@DESKTOP-1KJM46J MINGW64 ~/desktop/test (master)
$ git remode add origin https://github.com/rki2m195>/<github basic_repo>.git
bash: /: Is a directory

rkim2@DESKTOP-1KJM46J MINGW64 ~/desktop/test (master)
$ git push origin master
fatal: 'origin' does not appear to be a git repository
fatal: Could not read from remote repository.

Please make sure you have the correct access rights
and the repository exists.

rkim2@DESKTOP-1KJM46J MINGW64 ~/desktop/test (master)
$ git push master origin
error: src refspec origin does not match any
error: failed to push some refs to 'master'

rkim2@DESKTOP-1KJM46J MINGW64 ~/desktop/test (master)
$ rkim2@DESKTOP-1KJM46J MINGW64 ~/desktop/test (master)
bash: syntax error near unexpected token `('

rkim2@DESKTOP-1KJM46J MINGW64 ~/desktop/test (master)
$ $ git push
bash: $: command not found

rkim2@DESKTOP-1KJM46J MINGW64 ~/desktop/test (master)
$ git remote add origin https://github.com/<github username>/<github repo name>.git
bash: github: No such file or directory

rkim2@DESKTOP-1KJM46J MINGW64 ~/desktop/test (master)
$ git remote add origin https://github.com/<rkim2195>/<basic_repo>.git
bash: rkim2195: No such file or directory

rkim2@DESKTOP-1KJM46J MINGW64 ~/desktop/test (master)
$ git remote add origin https://github.com/<rkim2195>/basic_repo.git
bash: rkim2195: No such file or directory

rkim2@DESKTOP-1KJM46J MINGW64 ~/desktop/test (master)
$ git remote add origin https://github.com/<rkim2195>/<basic_repo>
bash: syntax error near unexpected token `newline'

rkim2@DESKTOP-1KJM46J MINGW64 ~/desktop/test (master)
$ git remote add origin https://github.com/<rkim2195>/<basic_repo>.git
bash: rkim2195: No such file or directory

rkim2@DESKTOP-1KJM46J MINGW64 ~/desktop/test (master)
$ git remote add origin https://github.com/rkim2195/basic_repo.git

rkim2@DESKTOP-1KJM46J MINGW64 ~/desktop/test (master)
$ git push origin master
To https://github.com/rkim2195/basic_repo.git
 ! [rejected]        master -> master (fetch first)
error: failed to push some refs to 'https://github.com/rkim2195/basic_repo.git'
hint: Updates were rejected because the remote contains work that you do
hint: not have locally. This is usually caused by another repository pushing
hint: to the same ref. You may want to first integrate the remote changes
hint: (e.g., 'git pull ...') before pushing again.
hint: See the 'Note about fast-forwards' in 'git push --help' for details.

rkim2@DESKTOP-1KJM46J MINGW64 ~/desktop/test (master)
$ git pull origin master
warning: no common commits
remote: Enumerating objects: 9, done.
remote: Counting objects: 100% (9/9), done.
remote: Compressing objects: 100% (6/6), done.
remote: Total 9 (delta 0), reused 0 (delta 0), pack-reused 0
Unpacking objects: 100% (9/9), done.
From https://github.com/rkim2195/basic_repo
 * branch            master     -> FETCH_HEAD
 * [new branch]      master     -> origin/master
fatal: refusing to merge unrelated histories

rkim2@DESKTOP-1KJM46J MINGW64 ~/desktop/test (master)
$ git push origin master
To https://github.com/rkim2195/basic_repo.git
 ! [rejected]        master -> master (non-fast-forward)
error: failed to push some refs to 'https://github.com/rkim2195/basic_repo.git'
hint: Updates were rejected because the tip of your current branch is behind
hint: its remote counterpart. Integrate the remote changes (e.g.
hint: 'git pull ...') before pushing again.
hint: See the 'Note about fast-forwards' in 'git push --help' for details.

rkim2@DESKTOP-1KJM46J MINGW64 ~/desktop/test (master)
$ git pull origin master
From https://github.com/rkim2195/basic_repo
 * branch            master     -> FETCH_HEAD
fatal: refusing to merge unrelated histories

rkim2@DESKTOP-1KJM46J MINGW64 ~/desktop/test (master)
$ git pull master origin
fatal: 'master' does not appear to be a git repository
fatal: Could not read from remote repository.

Please make sure you have the correct access rights
and the repository exists.

rkim2@DESKTOP-1KJM46J MINGW64 ~/desktop/test (master)
$ git remote add origin https://github.com/rkim2195/basic_repo.git
fatal: remote origin already exists.

rkim2@DESKTOP-1KJM46J MINGW64 ~/desktop/test (master)
$ git push origin master
To https://github.com/rkim2195/basic_repo.git
 ! [rejected]        master -> master (non-fast-forward)
error: failed to push some refs to 'https://github.com/rkim2195/basic_repo.git'
hint: Updates were rejected because the tip of your current branch is behind
hint: its remote counterpart. Integrate the remote changes (e.g.
hint: 'git pull ...') before pushing again.
hint: See the 'Note about fast-forwards' in 'git push --help' for details.

rkim2@DESKTOP-1KJM46J MINGW64 ~/desktop/test (master)
$ git push master origin
error: src refspec origin does not match any
error: failed to push some refs to 'master'

rkim2@DESKTOP-1KJM46J MINGW64 ~/desktop/test (master)
$ git remote remove origin https://github.com/rkim2195/basic_repo.git
usage: git remote remove <name>


rkim2@DESKTOP-1KJM46J MINGW64 ~/desktop/test (master)
$ git remote add origin https://github.com/rkim2195/basic_repo.git
fatal: remote origin already exists.

rkim2@DESKTOP-1KJM46J MINGW64 ~/desktop/test (master)
$ git remote remove origin https://github.com/rkim2195/basic_repo.git
usage: git remote remove <name>


rkim2@DESKTOP-1KJM46J MINGW64 ~/desktop/test (master)
$ git remote remove origin github
usage: git remote remove <name>


rkim2@DESKTOP-1KJM46J MINGW64 ~/desktop/test (master)
$
